{
    "SRA input - stub": {
        "content": [
            {
                "0": [
                    [
                        {
                            "id": "test",
                            "data_type": "sra",
                            "sample": "sample1",
                            "patient": "patient1",
                            "platform": "illumina",
                            "flowcell": "FC1",
                            "single_end": false,
                            "read_group": "\"@RG\\tID:sample1.L001\\tPU:L001\\tSM:patient1_sample1\\tLB:sample1\\tPL:illumina\"",
                            "median_bp": 0
                        },
                        [
                            "test_1.fastq.gz:md5,d41d8cd98f00b204e9800998ecf8427e",
                            "test_2.fastq.gz:md5,d41d8cd98f00b204e9800998ecf8427e"
                        ]
                    ]
                ],
                "1": [
                    "versions.yml:md5,30d10167133b1dcbba5c99df62b39c9d",
                    "versions.yml:md5,e174d7d6bea26b5de4db9beb0a6a9420"
                ],
                "tagged_collected_fastqs": [
                    [
                        {
                            "id": "test",
                            "data_type": "sra",
                            "sample": "sample1",
                            "patient": "patient1",
                            "platform": "illumina",
                            "flowcell": "FC1",
                            "single_end": false,
                            "read_group": "\"@RG\\tID:sample1.L001\\tPU:L001\\tSM:patient1_sample1\\tLB:sample1\\tPL:illumina\"",
                            "median_bp": 0
                        },
                        [
                            "test_1.fastq.gz:md5,d41d8cd98f00b204e9800998ecf8427e",
                            "test_2.fastq.gz:md5,d41d8cd98f00b204e9800998ecf8427e"
                        ]
                    ]
                ],
                "versions": [
                    "versions.yml:md5,30d10167133b1dcbba5c99df62b39c9d",
                    "versions.yml:md5,e174d7d6bea26b5de4db9beb0a6a9420"
                ]
            }
        ],
        "meta": {
            "nf-test": "0.9.3",
            "nextflow": "25.04.8"
        },
        "timestamp": "2025-10-22T22:36:20.417543441"
    },
    "FASTQ.GZ input - paired end - stub": {
        "content": [
            {
                "0": [
                    [
                        {
                            "id": "test",
                            "data_type": "fastq_gz",
                            "single_end": false,
                            "sample": "sample1",
                            "patient": "patient1",
                            "platform": "illumina",
                            "flowcell": "FC1",
                            "read_group": "\"@RG\\tID:FC1.sample1.L001\\tPU:L001\\tSM:patient1_sample1\\tLB:sample1\\tPL:illumina\"",
                            "median_bp": 0
                        },
                        [
                            "test_1.fastq.gz:md5,4161df271f9bfcd25d5845a1e220dbec",
                            "test_2.fastq.gz:md5,2ebae722295ea66d84075a3b042e2b42"
                        ]
                    ]
                ],
                "1": [
                    "versions.yml:md5,30d10167133b1dcbba5c99df62b39c9d"
                ],
                "tagged_collected_fastqs": [
                    [
                        {
                            "id": "test",
                            "data_type": "fastq_gz",
                            "single_end": false,
                            "sample": "sample1",
                            "patient": "patient1",
                            "platform": "illumina",
                            "flowcell": "FC1",
                            "read_group": "\"@RG\\tID:FC1.sample1.L001\\tPU:L001\\tSM:patient1_sample1\\tLB:sample1\\tPL:illumina\"",
                            "median_bp": 0
                        },
                        [
                            "test_1.fastq.gz:md5,4161df271f9bfcd25d5845a1e220dbec",
                            "test_2.fastq.gz:md5,2ebae722295ea66d84075a3b042e2b42"
                        ]
                    ]
                ],
                "versions": [
                    "versions.yml:md5,30d10167133b1dcbba5c99df62b39c9d"
                ]
            }
        ],
        "meta": {
            "nf-test": "0.9.3",
            "nextflow": "25.04.8"
        },
        "timestamp": "2025-10-22T22:35:58.469762694"
    },
    "FASTQ.GZ input - single end - stub": {
        "content": [
            {
                "0": [
                    [
                        {
                            "id": "test",
                            "data_type": "fastq_gz",
                            "single_end": true,
                            "sample": "sample1",
                            "patient": "patient1",
                            "platform": "illumina",
                            "flowcell": "FC1",
                            "read_group": "\"@RG\\tID:FC1.sample1.L001\\tPU:L001\\tSM:patient1_sample1\\tLB:sample1\\tPL:illumina\"",
                            "median_bp": 0
                        },
                        "test_1.fastq.gz:md5,4161df271f9bfcd25d5845a1e220dbec"
                    ]
                ],
                "1": [
                    "versions.yml:md5,30d10167133b1dcbba5c99df62b39c9d"
                ],
                "tagged_collected_fastqs": [
                    [
                        {
                            "id": "test",
                            "data_type": "fastq_gz",
                            "single_end": true,
                            "sample": "sample1",
                            "patient": "patient1",
                            "platform": "illumina",
                            "flowcell": "FC1",
                            "read_group": "\"@RG\\tID:FC1.sample1.L001\\tPU:L001\\tSM:patient1_sample1\\tLB:sample1\\tPL:illumina\"",
                            "median_bp": 0
                        },
                        "test_1.fastq.gz:md5,4161df271f9bfcd25d5845a1e220dbec"
                    ]
                ],
                "versions": [
                    "versions.yml:md5,30d10167133b1dcbba5c99df62b39c9d"
                ]
            }
        ],
        "meta": {
            "nf-test": "0.9.3",
            "nextflow": "25.04.8"
        },
        "timestamp": "2025-10-22T22:35:48.652120234"
    }
}