{
    "Illumina BAM input - stub": {
        "content": [
            {
                "0": [
                    [
                        {
                            "id": "test-dysgu-svync",
                            "single_end": false,
                            "sample": "sample1",
                            "patient": "patient1"
                        },
                        "re-sample1-null-false-dysgu.vcf:md5,d41d8cd98f00b204e9800998ecf8427e"
                    ]
                ],
                "1": [
                    [
                        {
                            "id": "test-dysgu-svync",
                            "single_end": false,
                            "sample": "sample1",
                            "patient": "patient1"
                        },
                        "re-sample1-null-false-dysgu.vcf.gz:md5,d41d8cd98f00b204e9800998ecf8427e"
                    ]
                ],
                "2": [
                    [
                        {
                            "id": "test-dysgu-svync",
                            "single_end": false,
                            "sample": "sample1",
                            "patient": "patient1"
                        },
                        "re-sample1-null-false-dysgu.vcf.gz.tbi:md5,d41d8cd98f00b204e9800998ecf8427e"
                    ]
                ],
                "3": [
                    [
                        {
                            "id": "test-dysgu-svync",
                            "single_end": false,
                            "sample": "sample1",
                            "patient": "patient1"
                        },
                        "re-sample1-null-false-dysgu.vcf.gz.csi:md5,d41d8cd98f00b204e9800998ecf8427e"
                    ]
                ],
                "4": [
                    "versions.yml:md5,680179fb3bbc64e30aba7df0036220cc",
                    "versions.yml:md5,8c41f11c7f51793e9bf8b3b444eeb981",
                    "versions.yml:md5,9e9afe482a958f1df073298d1c6e1702"
                ],
                "csi": [
                    [
                        {
                            "id": "test-dysgu-svync",
                            "single_end": false,
                            "sample": "sample1",
                            "patient": "patient1"
                        },
                        "re-sample1-null-false-dysgu.vcf.gz.csi:md5,d41d8cd98f00b204e9800998ecf8427e"
                    ]
                ],
                "tbi": [
                    [
                        {
                            "id": "test-dysgu-svync",
                            "single_end": false,
                            "sample": "sample1",
                            "patient": "patient1"
                        },
                        "re-sample1-null-false-dysgu.vcf.gz.tbi:md5,d41d8cd98f00b204e9800998ecf8427e"
                    ]
                ],
                "vcf": [
                    [
                        {
                            "id": "test-dysgu-svync",
                            "single_end": false,
                            "sample": "sample1",
                            "patient": "patient1"
                        },
                        "re-sample1-null-false-dysgu.vcf:md5,d41d8cd98f00b204e9800998ecf8427e"
                    ]
                ],
                "vcfgz": [
                    [
                        {
                            "id": "test-dysgu-svync",
                            "single_end": false,
                            "sample": "sample1",
                            "patient": "patient1"
                        },
                        "re-sample1-null-false-dysgu.vcf.gz:md5,d41d8cd98f00b204e9800998ecf8427e"
                    ]
                ],
                "versions": [
                    "versions.yml:md5,680179fb3bbc64e30aba7df0036220cc",
                    "versions.yml:md5,8c41f11c7f51793e9bf8b3b444eeb981",
                    "versions.yml:md5,9e9afe482a958f1df073298d1c6e1702"
                ]
            }
        ],
        "meta": {
            "nf-test": "0.9.3",
            "nextflow": "25.04.8"
        },
        "timestamp": "2025-10-23T02:37:22.679729546"
    }
}