{
    "eukavarizer: test profile": {
        "content": [
            "4932_refseq_results.json:md5,86de71555dc6dc975720072420375548",
            "nf_core_eukavarizer_software_mqc_versions.yml:md5,01db1fc45ce48e99372b12d5e8ff35a3"
        ],
        "meta": {
            "nf-test": "0.9.3",
            "nextflow": "25.10.0"
        },
        "timestamp": "2025-10-26T02:14:50.149716979"
    },
    "eukavarizer: all callers enabled": {
        "content": [
            "4932_refseq_results.json:md5,86de71555dc6dc975720072420375548",
            "nf_core_eukavarizer_software_mqc_versions.yml:md5,01db1fc45ce48e99372b12d5e8ff35a3"
        ],
        "meta": {
            "nf-test": "0.9.3",
            "nextflow": "25.10.0"
        },
        "timestamp": "2025-10-26T02:16:56.08125955"
    }
}