{
    "ONT BAM input - stub": {
        "content": [
            {
                "0": [
                    [
                        {
                            "id": "test-cutesv-svync",
                            "single_end": true,
                            "sample": "sample1",
                            "patient": "patient1"
                        },
                        "re-sample1-null-true-cutesv.vcf:md5,d41d8cd98f00b204e9800998ecf8427e"
                    ]
                ],
                "1": [
                    [
                        {
                            "id": "test-cutesv-svync",
                            "single_end": true,
                            "sample": "sample1",
                            "patient": "patient1"
                        },
                        "re-sample1-null-true-cutesv.vcf.gz:md5,d41d8cd98f00b204e9800998ecf8427e"
                    ]
                ],
                "2": [
                    [
                        {
                            "id": "test-cutesv-svync",
                            "single_end": true,
                            "sample": "sample1",
                            "patient": "patient1"
                        },
                        "re-sample1-null-true-cutesv.vcf.gz.tbi:md5,d41d8cd98f00b204e9800998ecf8427e"
                    ]
                ],
                "3": [
                    [
                        {
                            "id": "test-cutesv-svync",
                            "single_end": true,
                            "sample": "sample1",
                            "patient": "patient1"
                        },
                        "re-sample1-null-true-cutesv.vcf.gz.csi:md5,d41d8cd98f00b204e9800998ecf8427e"
                    ]
                ],
                "4": [
                    "versions.yml:md5,11eaa29592db44c088a11b9d661cb85b",
                    "versions.yml:md5,4bba47193cd559c26eb62cf3617caebc",
                    "versions.yml:md5,cce40ef7e7e92877cb23d862f86b2e9e"
                ],
                "csi": [
                    [
                        {
                            "id": "test-cutesv-svync",
                            "single_end": true,
                            "sample": "sample1",
                            "patient": "patient1"
                        },
                        "re-sample1-null-true-cutesv.vcf.gz.csi:md5,d41d8cd98f00b204e9800998ecf8427e"
                    ]
                ],
                "tbi": [
                    [
                        {
                            "id": "test-cutesv-svync",
                            "single_end": true,
                            "sample": "sample1",
                            "patient": "patient1"
                        },
                        "re-sample1-null-true-cutesv.vcf.gz.tbi:md5,d41d8cd98f00b204e9800998ecf8427e"
                    ]
                ],
                "vcf": [
                    [
                        {
                            "id": "test-cutesv-svync",
                            "single_end": true,
                            "sample": "sample1",
                            "patient": "patient1"
                        },
                        "re-sample1-null-true-cutesv.vcf:md5,d41d8cd98f00b204e9800998ecf8427e"
                    ]
                ],
                "vcfgz": [
                    [
                        {
                            "id": "test-cutesv-svync",
                            "single_end": true,
                            "sample": "sample1",
                            "patient": "patient1"
                        },
                        "re-sample1-null-true-cutesv.vcf.gz:md5,d41d8cd98f00b204e9800998ecf8427e"
                    ]
                ],
                "versions": [
                    "versions.yml:md5,11eaa29592db44c088a11b9d661cb85b",
                    "versions.yml:md5,4bba47193cd559c26eb62cf3617caebc",
                    "versions.yml:md5,cce40ef7e7e92877cb23d862f86b2e9e"
                ]
            }
        ],
        "meta": {
            "nf-test": "0.9.3",
            "nextflow": "25.04.8"
        },
        "timestamp": "2025-10-23T02:36:19.065201845"
    }
}