{
    "Generate report with human taxonomy - stub": {
        "content": [
            {
                "0": [
                    "9606.html:md5,d41d8cd98f00b204e9800998ecf8427e"
                ],
                "1": [
                    "versions.yml:md5,918ded017d566198729ec7910a4b67cf"
                ],
                "report_file": [
                    "9606.html:md5,d41d8cd98f00b204e9800998ecf8427e"
                ],
                "versions": [
                    "versions.yml:md5,918ded017d566198729ec7910a4b67cf"
                ]
            }
        ],
        "meta": {
            "nf-test": "0.9.3",
            "nextflow": "25.10.0"
        },
        "timestamp": "2025-11-04T01:15:52.514119308"
    },
    "Generate report with SV data - stub": {
        "content": [
            {
                "0": [
                    "4932.html:md5,d41d8cd98f00b204e9800998ecf8427e"
                ],
                "1": [
                    "versions.yml:md5,918ded017d566198729ec7910a4b67cf"
                ],
                "report_file": [
                    "4932.html:md5,d41d8cd98f00b204e9800998ecf8427e"
                ],
                "versions": [
                    "versions.yml:md5,918ded017d566198729ec7910a4b67cf"
                ]
            }
        ],
        "meta": {
            "nf-test": "0.9.3",
            "nextflow": "25.10.0"
        },
        "timestamp": "2025-11-04T01:15:40.998565526"
    }
}