{
    "truvari collapse": {
        "content": [
            "test_truvari.collapsed.vcf.gz",
            [
                "\"TRUVARI_COLLAPSE\":",
                "    truvari: 5.3.0"
            ],
            [
                "versions.yml:md5,8b9bd8ca453610efada7e4a8bbe97b8f"
            ]
        ],
        "meta": {
            "nf-test": "0.9.3",
            "nextflow": "25.10.0"
        },
        "timestamp": "2025-11-06T22:48:33.658076709"
    },
    "truvari collapse with removed output": {
        "content": [
            "test_truvari.collapsed.vcf.gz",
            "test_truvari.removed.vcf",
            [
                "\"TRUVARI_COLLAPSE\":",
                "    truvari: 5.3.0"
            ],
            [
                "versions.yml:md5,8b9bd8ca453610efada7e4a8bbe97b8f"
            ]
        ],
        "meta": {
            "nf-test": "0.9.3",
            "nextflow": "25.10.0"
        },
        "timestamp": "2025-11-06T22:48:44.264726305"
    },
    "truvari collapse -- stub": {
        "content": [
            {
                "0": [
                    [
                        {
                            "id": "test"
                        },
                        "test_truvari.collapsed.vcf.gz:md5,68b329da9893e34099c7d8ad5cb9c940"
                    ]
                ],
                "1": [
                    [
                        {
                            "id": "test"
                        },
                        "test_truvari.removed.vcf:md5,d41d8cd98f00b204e9800998ecf8427e"
                    ]
                ],
                "2": [
                    "versions.yml:md5,8b9bd8ca453610efada7e4a8bbe97b8f"
                ],
                "collapsed_vcf": [
                    [
                        {
                            "id": "test"
                        },
                        "test_truvari.collapsed.vcf.gz:md5,68b329da9893e34099c7d8ad5cb9c940"
                    ]
                ],
                "removed_vcf": [
                    [
                        {
                            "id": "test"
                        },
                        "test_truvari.removed.vcf:md5,d41d8cd98f00b204e9800998ecf8427e"
                    ]
                ],
                "versions": [
                    "versions.yml:md5,8b9bd8ca453610efada7e4a8bbe97b8f"
                ]
            },
            [
                "\"TRUVARI_COLLAPSE\":",
                "    truvari: 5.3.0"
            ]
        ],
        "meta": {
            "nf-test": "0.9.3",
            "nextflow": "25.10.0"
        },
        "timestamp": "2025-11-06T22:48:54.462747309"
    }
}